// Jest Snapshot v1, https://goo.gl/fbAQLP

exports[`Modal closed modal with close button 1`] = `
<DocumentFragment>
  .c0.c0 {
  display: inline-block;
  height: 32px;
  padding: 0 12px;
  line-height: 32px;
  font-size: 14px;
  border-radius: 4px;
  border: 1px solid #D4D8DD;
  color: #333333;
  background: transparent;
  cursor: pointer;
  position: relative;
  z-index: 0;
}

.c0.c0:before,
.c0.c0:after {
  content: '';
  width: 100%;
  height: 100%;
  position: absolute;
  left: 0;
  border-radius: 4px;
}

.c0.c0:before {
  z-index: -1;
  background: linear-gradient(to bottom,#FFFFFF,#ECF2FD);
  -webkit-transition: opacity 0.2s ease-in-out;
  transition: opacity 0.2s ease-in-out;
}

.c0.c0:after {
  content: '';
  z-index: -2;
  background: linear-gradient(to bottom,#ECF2FD,#FFFFFF);
  border-radius: 4px;
}

.c0.c0:hover:before {
  opacity: 0;
}

.c0.c0:active,
.c0.c0:focus,
.c0.c0:visited {
  outline: 0;
  box-shadow: 0 0 0 2px rgba(212,216,221,0.3);
}

<button
    class="c0"
  >
    Show Modal
  </button>
</DocumentFragment>
`;

exports[`Modal opened modal 1`] = `
<DocumentFragment>
  .c0.c0 {
  display: inline-block;
  height: 32px;
  padding: 0 12px;
  line-height: 32px;
  font-size: 14px;
  border-radius: 4px;
  border: 1px solid #D4D8DD;
  color: #333333;
  background: transparent;
  cursor: pointer;
  position: relative;
  z-index: 0;
}

.c0.c0:before,
.c0.c0:after {
  content: '';
  width: 100%;
  height: 100%;
  position: absolute;
  left: 0;
  border-radius: 4px;
}

.c0.c0:before {
  z-index: -1;
  background: linear-gradient(to bottom,#FFFFFF,#ECF2FD);
  -webkit-transition: opacity 0.2s ease-in-out;
  transition: opacity 0.2s ease-in-out;
}

.c0.c0:after {
  content: '';
  z-index: -2;
  background: linear-gradient(to bottom,#ECF2FD,#FFFFFF);
  border-radius: 4px;
}

.c0.c0:hover:before {
  opacity: 0;
}

.c0.c0:active,
.c0.c0:focus,
.c0.c0:visited {
  outline: 0;
  box-shadow: 0 0 0 2px rgba(212,216,221,0.3);
}

<button
    class="c0"
  >
    Show Modal
  </button>
</DocumentFragment>
`;

exports[`Modal snapshot test 1`] = `
<DocumentFragment>
  .c0.c0 {
  display: inline-block;
  height: 32px;
  padding: 0 12px;
  line-height: 32px;
  font-size: 14px;
  border-radius: 4px;
  border: 1px solid #D4D8DD;
  color: #333333;
  background: transparent;
  cursor: pointer;
  position: relative;
  z-index: 0;
}

.c0.c0:before,
.c0.c0:after {
  content: '';
  width: 100%;
  height: 100%;
  position: absolute;
  left: 0;
  border-radius: 4px;
}

.c0.c0:before {
  z-index: -1;
  background: linear-gradient(to bottom,#FFFFFF,#ECF2FD);
  -webkit-transition: opacity 0.2s ease-in-out;
  transition: opacity 0.2s ease-in-out;
}

.c0.c0:after {
  content: '';
  z-index: -2;
  background: linear-gradient(to bottom,#ECF2FD,#FFFFFF);
  border-radius: 4px;
}

.c0.c0:hover:before {
  opacity: 0;
}

.c0.c0:active,
.c0.c0:focus,
.c0.c0:visited {
  outline: 0;
  box-shadow: 0 0 0 2px rgba(212,216,221,0.3);
}

<button
    class="c0"
  >
    Show Modal
  </button>
</DocumentFragment>
`;
