// Jest Snapshot v1, https://goo.gl/fbAQLP

exports[`TextField default 1`] = `
<DocumentFragment>
  .c0 {
  width: 100%;
  height: 34px;
  padding: 10px 5px;
  background-color: #FFFFFF;
  border-radius: 4px;
  border-width: 1px;
  border-style: solid;
  border-color: #D4D8DD;
  color: #333333;
  font-size: 13px;
  box-sizing: border-box;
}

.c0::-webkit-input-placeholder {
  color: #999999;
}

.c0::-moz-placeholder {
  color: #999999;
}

.c0:-ms-input-placeholder {
  color: #999999;
}

.c0::placeholder {
  color: #999999;
}

<input
    class="c0"
    type="text"
  />
</DocumentFragment>
`;
