// Jest Snapshot v1, https://goo.gl/fbAQLP

exports[`Checkbox default 1`] = `
<DocumentFragment>
  .c1 {
  position: relative;
  display: inline-block;
  width: 16px;
  height: 16px;
  vertical-align: middle;
}

.c2 {
  opacity: 0;
  position: absolute;
  top: 0;
  left: 0;
  width: 100%;
  height: 100%;
  margin: 0;
  cursor: pointer;
}

.c2:checked + .c3 {
  background-color: #3B7DE9;
  border-width: 1px;
  border-style: solid;
  border-color: rgba(0,0,0,0.15);
}

.c2:disabled + .c3 {
  background-color: #D4D8DD;
  border-width: 1px;
  border-style: solid;
  border-color: #D4D8DD;
}

.c4 {
  position: absolute;
  width: 100%;
  height: 100%;
  border-radius: 4px;
  background-color: #FFFFFF;
  border-width: 1px;
  border-style: solid;
  border-color: #D4D8DD;
  pointer-events: none;
  box-sizing: border-box;
}

.c5 {
  position: absolute;
  display: inline-block;
  top: 50%;
  left: 50%;
  width: 10px;
  height: 8px;
  -webkit-transform: translate(-50%,-50%);
  -ms-transform: translate(-50%,-50%);
  transform: translate(-50%,-50%);
  pointer-events: none;
}

.c5 > svg {
  vertical-align: top;
}

.c6 {
  width: 10px;
  height: 8px;
}

.c6 > path {
  fill: #FFFFFF;
}

.c0 {
  cursor: pointer;
  vertical-align: middle;
}

<label
    class="c0"
  >
    <span
      class="c1"
    >
      <input
        class="c2"
        type="checkbox"
      />
      <span
        class="c3 c4"
      />
      <span
        class="c5"
      >
        <svg
          class="c6"
          viewBox="0 0 10 8"
          xmlns="http://www.w3.org/2000/svg"
        >
          <path
            d="M.34 4.72a.485.485 0 0 1 0-.682l.68-.683a.478.478 0 0 1 .678 0L3.8 5.47 8.302.941a.478.478 0 0 1 .679 0l.678.683a.485.485 0 0 1 0 .683L4.14 7.859a.478.478 0 0 1-.678 0L.34 4.72z"
            fill-rule="evenodd"
          />
        </svg>
      </span>
    </span>
    checkbox
  </label>
</DocumentFragment>
`;
