// Jest Snapshot v1, https://goo.gl/fbAQLP

exports[`Backdrop snapshot test 1`] = `
<DocumentFragment>
  .c1 .MuiCircularProgress-circle {
  color: #3B7DE9;
}

.c0.c0 {
  z-index: 10;
}

<div
    aria-hidden="true"
    class="MuiBackdrop-root c0"
    style="opacity: 1; webkit-transition: opacity 225ms cubic-bezier(0.4, 0, 0.2, 1) 0ms; transition: opacity 225ms cubic-bezier(0.4, 0, 0.2, 1) 0ms;"
    theme="[object Object]"
  >
    <div
      class="MuiCircularProgress-root c1 MuiCircularProgress-colorPrimary MuiCircularProgress-indeterminate"
      role="progressbar"
      style="width: 40px; height: 40px;"
      theme="[object Object]"
    >
      <svg
        class="MuiCircularProgress-svg"
        viewBox="22 22 44 44"
      >
        <circle
          class="MuiCircularProgress-circle MuiCircularProgress-circleIndeterminate"
          cx="44"
          cy="44"
          fill="none"
          r="20.2"
          stroke-width="3.6"
        />
      </svg>
    </div>
  </div>
</DocumentFragment>
`;
